<built-in>:boxIP	8	static
<built-in>:TboxesBIP	8	static
<built-in>:stateIP	8	static
/home/doc/git/cubit/userspace/lib/compositor/compositor_damage.ads:44:4:Count	8	static
/home/doc/git/cubit/userspace/lib/compositor/compositor_damage.ads:45:4:Bounds	8	static
/home/doc/git/cubit/userspace/lib/compositor/compositor_damage.ads:46:4:Item	8	static
/home/doc/git/cubit/userspace/lib/compositor/compositor_damage.ads:47:4:Valid	48	static
/home/doc/git/cubit/userspace/lib/compositor/compositor_damage.ads:54:4:Covers	16	static
/home/doc/git/cubit/userspace/lib/compositor/compositor_damage.ads:10:4:Valid	8	static
/home/doc/git/cubit/userspace/lib/compositor/compositor_damage.ads:12:4:Contains	8	static
/home/doc/git/cubit/userspace/lib/compositor/compositor_damage.ads:15:4:Overlaps	8	static
/home/doc/git/cubit/userspace/lib/compositor/compositor_damage.ads:18:4:Envelope	8	static
/home/doc/git/cubit/userspace/lib/compositor/compositor_damage.adb:2:4:Clear	168	static
/home/doc/git/cubit/userspace/lib/compositor/compositor_damage.adb:6:4:Add	96	static
