<built-in>:physical_rectangleIP	8	static
<built-in>:ui_scaleIP	8	static
<built-in>:outputIP	8	static
<built-in>:logical_pointIP	8	static
<built-in>:physical_pointIP	8	static
<built-in>:logical_rectangleIP	8	static
<built-in>:point_mappingD2	8	static
<built-in>:point_mappingEQ	8	static
<built-in>:point_mappingIP	8	static
/home/doc/git/cubit/userspace/lib/display/cubit-display_geometry.adb:11:4:Bounds	32	static
/home/doc/git/cubit/userspace/lib/display/cubit-display_geometry.adb:22:4:Contains	32	static
/home/doc/git/cubit/userspace/lib/display/cubit-display_geometry.adb:27:4:Confine	32	static
/home/doc/git/cubit/userspace/lib/display/cubit-display_geometry.adb:33:4:Damage	80	static
/home/doc/git/cubit/userspace/lib/display/cubit-display_geometry.adb:72:4:To_Desktop	48	static
/home/doc/git/cubit/userspace/lib/display/cubit-display_geometry.adb:4:4:Rotated	8	static
/home/doc/git/cubit/userspace/lib/display/cubit-display_geometry.adb:6:4:Upright_Width	8	static
/home/doc/git/cubit/userspace/lib/display/cubit-display_geometry.adb:8:4:Upright_Height	8	static
