/home/doc/git/cubit/userspace/services/desktop/main.adb:3579:4:createinternalsurface	200	static
/home/doc/git/cubit/userspace/services/desktop/main.adb:3825:4:dequeueinput	24	static
/home/doc/git/cubit/userspace/services/desktop/main.adb:3867:4:hasinputafter	8	static
/home/doc/git/cubit/userspace/services/desktop/main.adb:4041:4:clearinputqueue	13072	static
<built-in>:E1483b	8	static
/home/doc/git/cubit/userspace/services/desktop/main.adb:6191:4:validdisplayinfo	8	static
/home/doc/git/cubit/userspace/services/desktop/main.adb:4213:4:claiminput	16	static
/home/doc/git/cubit/userspace/services/desktop/main.adb:1358:4:processalive	48	dynamic,bounded
/home/doc/git/cubit/userspace/services/desktop/main.adb:1494:4:hitsurface	16	static
/home/doc/git/cubit/userspace/services/desktop/main.adb:1033:4:clamprect	16	static
/home/doc/git/cubit/userspace/services/desktop/main.adb:1311:4:surfacerect	8	static
/home/doc/git/cubit/userspace/services/desktop/main.adb:1446:4:closebuttonrect	16	static
/home/doc/git/cubit/userspace/services/desktop/main.adb:1432:4:maximizebuttonrect	16	static
/home/doc/git/cubit/userspace/services/desktop/main.adb:1420:4:minimizebuttonrect	16	static
/home/doc/git/cubit/userspace/services/desktop/main.adb:1206:4:pointinrect	16	static
/home/doc/git/cubit/userspace/services/desktop/main.adb:1511:4:hitmode	80	static
/home/doc/git/cubit/userspace/services/desktop/main.adb:1240:4:unionrect	80	static
/home/doc/git/cubit/userspace/services/desktop/main.adb:3097:4:scheduleredrawrect	32	static
/home/doc/git/cubit/userspace/services/desktop/main.adb:1283:4:inflaterect	32	static
/home/doc/git/cubit/userspace/services/desktop/main.adb:1321:4:clientrect	16	static
/home/doc/git/cubit/userspace/services/desktop/main.adb:1548:4:cursorstyleatpointer	64	static
/home/doc/git/cubit/userspace/services/desktop/main.adb:5112:7:translate	16	static
/home/doc/git/cubit/userspace/services/desktop/main.adb:1823:4:fillrect	80	static
/home/doc/git/cubit/userspace/services/desktop/main.adb:1965:4:strokerect	80	static
/home/doc/git/cubit/userspace/services/desktop/main.adb:1980:4:blendpixel	8	static
/home/doc/git/cubit/userspace/services/desktop/main.adb:934:4:putpixel	16	static
/home/doc/git/cubit/userspace/services/desktop/main.adb:970:4:readbackpixel	16	static
/home/doc/git/cubit/userspace/services/desktop/main.adb:1938:4:drawdappledshadow	96	static
/home/doc/git/cubit/userspace/services/desktop/main.adb:2084:4:drawwindowbuttonicon	80	static
/home/doc/git/cubit/userspace/services/desktop/main.adb:2996:7:add	16	static
/home/doc/git/cubit/userspace/services/desktop/main.adb:3015:7:add_outline	112	static
/home/doc/git/cubit/userspace/services/desktop/main.adb:613:4:load_theme	320	static
/home/doc/git/cubit/userspace/services/desktop/main.adb:228:4:logicalbounds	16	static
/home/doc/git/cubit/userspace/services/desktop/main.adb:1087:4:taskbary	16	static
/home/doc/git/cubit/userspace/services/desktop/main.adb:1164:4:taskbuttonrect	80	static
/home/doc/git/cubit/userspace/services/desktop/main.adb:1106:4:launchmenurect	32	static
/home/doc/git/cubit/userspace/services/desktop/main.adb:1117:4:launchitemrect	32	static
/home/doc/git/cubit/userspace/services/desktop/main.adb:1100:4:launchbuttonrect	48	static
/home/doc/git/cubit/userspace/services/desktop/main.adb:1586:4:locallogicaldamage	64	static
/home/doc/git/cubit/userspace/services/desktop/main.adb:1597:4:windowworkarea	80	static
/home/doc/git/cubit/userspace/services/desktop/main.adb:3884:4:completeinputwaiter	128	static
/home/doc/git/cubit/userspace/services/desktop/main.adb:4046:4:clearinputfortarget	3248	static
/home/doc/git/cubit/userspace/services/desktop/main.adb:5476:4:setmasteraudio	64	static
/home/doc/git/cubit/userspace/services/desktop/main.adb:198:4:addoutputdamage	16	static
/home/doc/git/cubit/userspace/services/desktop/main.adb:1625:4:flushbackbufferrect	112	static
/home/doc/git/cubit/userspace/services/desktop/main.adb:2141:4:drawuitext	144	static
/home/doc/git/cubit/userspace/services/desktop/main.adb:2156:4:drawsurfacetitle	48	dynamic,bounded
/home/doc/git/cubit/userspace/services/desktop/main.adb:2718:4:drawstatus	256	dynamic,bounded
/home/doc/git/cubit/userspace/services/desktop/main.adb:2752:4:drawaudiopopup	272	dynamic,bounded
/home/doc/git/cubit/userspace/services/desktop/main.adb:2270:4:drawclientbuffer	208	dynamic,bounded
/home/doc/git/cubit/userspace/services/desktop/main.adb:1909:4:drawwallpaper	160	dynamic,bounded
/home/doc/git/cubit/userspace/services/desktop/main.adb:794:4:decimal	80	dynamic
/home/doc/git/cubit/userspace/services/desktop/main.adb:910:4:tracepointer	176	static
/home/doc/git/cubit/userspace/services/desktop/main.adb:820:4:maybeprintstats	560	dynamic,bounded
/home/doc/git/cubit/userspace/services/desktop/main.adb:3391:4:releasesurfacebuffer	32	static
/home/doc/git/cubit/userspace/services/desktop/main.adb:672:4:load_launch_menu	2880	static
/home/doc/git/cubit/userspace/services/desktop/main.adb:2493:4:drawwindow	640	dynamic,bounded
/home/doc/git/cubit/userspace/services/desktop/main.adb:6133:4:calldisplay.constprop	64	static
/home/doc/git/cubit/userspace/services/desktop/main.adb:2048:4:drawicon	80	static
/home/doc/git/cubit/userspace/services/desktop/main.adb:2673:7:drawlaunchitem	192	dynamic,bounded
/home/doc/git/cubit/userspace/services/desktop/main.adb:2775:4:drawdesktopshell	240	dynamic,bounded
/home/doc/git/cubit/userspace/services/desktop/main.adb:2827:4:drawcurrentscene	48	static
/home/doc/git/cubit/userspace/services/desktop/main.adb:1069:4:cursorrect	16	static
/home/doc/git/cubit/userspace/services/desktop/main.adb:2353:4:drawcursoroverlay	208	static
/home/doc/git/cubit/userspace/services/desktop/main.adb:2329:4:restorecursoroverlay	64	static
/home/doc/git/cubit/userspace/services/desktop/main.adb:5382:4:clampwindowrect	16	static
/home/doc/git/cubit/userspace/services/desktop/main.adb:6153:4:closeoutput	272	static
/home/doc/git/cubit/userspace/services/desktop/main.adb:6206:4:prepareoutput	352	dynamic,bounded
/home/doc/git/cubit/userspace/services/desktop/main.adb:6175:4:releasedisplaybuffer	16	static
/home/doc/git/cubit/userspace/services/desktop/main.adb:3323:4:restoresurface	64	static
/home/doc/git/cubit/userspace/services/desktop/main.adb:3971:4:forceinputresynchronization	1600	static
/home/doc/git/cubit/userspace/services/desktop/main.adb:6278:4:setupdisplaybuffer	960	dynamic,bounded
/home/doc/git/cubit/userspace/services/desktop/main.adb:3722:4:enqueueinput	3264	static
/home/doc/git/cubit/userspace/services/desktop/main.adb:4180:4:queuepointerwheel	80	static
/home/doc/git/cubit/userspace/services/desktop/main.adb:5267:4:apply_appearance	64	static
/home/doc/git/cubit/userspace/services/desktop/main.adb:4127:4:queuepointer	112	static
/home/doc/git/cubit/userspace/services/desktop/main.adb:4163:4:queuepointerifclient	64	static
/home/doc/git/cubit/userspace/services/desktop/main.adb:3249:4:focusandraisesurface	304	static
/home/doc/git/cubit/userspace/services/desktop/main.adb:1703:4:pumpoutput	496	dynamic
/home/doc/git/cubit/userspace/services/desktop/main.adb:3207:4:focustopmostvisiblewindow	48	static
/home/doc/git/cubit/userspace/services/desktop/main.adb:1644:4:collectpresentations	256	dynamic,bounded
/home/doc/git/cubit/userspace/services/desktop/main.adb:5336:4:performlaunchaction	208	dynamic,bounded
/home/doc/git/cubit/userspace/services/desktop/main.adb:3116:4:flushframe	448	dynamic,bounded
/home/doc/git/cubit/userspace/services/desktop/main.adb:5105:4:apply_arrangement	1104	static
/home/doc/git/cubit/userspace/services/desktop/main.adb:5290:4:settings_pointer	1776	static
/home/doc/git/cubit/userspace/services/desktop/main.adb:6473:10:drain_events	912	dynamic,bounded
/home/doc/git/cubit/userspace/services/desktop/main.adb:44:1:main	24288	dynamic,bounded
