main.adb:63:04: warning: constant "SYSINFO_FB_WIDTH" is not referenced [-gnatwu]
main.adb:64:04: warning: constant "SYSINFO_FB_HEIGHT" is not referenced [-gnatwu]
main.adb:65:04: warning: constant "SYSINFO_FB_PITCH" is not referenced [-gnatwu]
main.adb:66:04: warning: constant "SYSINFO_FB_BPP" is not referenced [-gnatwu]
main.adb:92:04: warning: constant "OP_DISPLAY_GET_STATUS" is not referenced [-gnatwu]
main.adb:111:04: warning: constant "WINDOW_FLAG_FULLSCREENABLE" is not referenced [-gnatwu]
main.adb:112:04: warning: constant "WINDOW_FLAG_POINTER_CAPTURE" is not referenced [-gnatwu]
main.adb:764:13: warning: function "C_DESK" is not referenced [-gnatwu]
main.adb:766:13: warning: function "C_BLUE" is not referenced [-gnatwu]
main.adb:800:14: warning: procedure "printDec" is not referenced [-gnatwu]
main.adb:1166:07: warning: "x" is not modified, could be declared constant [-gnatwk]
main.adb:1233:20: warning: redundant conversion, "i" is of type "Integer" [-gnatwr]
main.adb:1504:20: warning: redundant conversion, "i" is of type "Integer" [-gnatwr]
main.adb:2214:26: warning: redundant conversion, "i" is of type "Integer" [-gnatwr]
main.adb:2508:07: warning: "x" is not modified, could be declared constant [-gnatwk]
main.adb:2509:07: warning: "y" is not modified, could be declared constant [-gnatwk]
main.adb:3169:20: warning: redundant conversion, "i" is of type "Integer" [-gnatwr]
main.adb:3227:07: warning: "moved" is not modified, could be declared constant [-gnatwk]
main.adb:3276:07: warning: "current" is not modified, could be declared constant [-gnatwk]
main.adb:3434:25: warning: aggregate not fully initialized [-gnatwv]
main.adb:3483:29: warning: aggregate not fully initialized [-gnatwv]
main.adb:3520:25: warning: redundant conversion, "i" is of type "Integer" [-gnatwr]
main.adb:3591:21: warning: redundant conversion, "i" is of type "Integer" [-gnatwr]
main.adb:3659:20: warning: redundant conversion, "i" is of type "Integer" [-gnatwr]
main.adb:3711:28: warning: redundant conversion, "i" is of type "Integer" [-gnatwr]
main.adb:4267:07: warning: "Status_Code" is already use-visible through previous use_type_clause at line 58 [-gnatwr]
main.adb:4267:07: warning: use clause for type "Status_Code" defined at cubit-desktop_protocol.ads:31 has no effect [-gnatwu]
main.adb:4467:30: warning: redundant conversion, "i" is of type "Integer" [-gnatwr]
main.adb:4852:52: warning: aggregate not fully initialized [-gnatwv]
main.adb:4936:35: warning: aggregate not fully initialized [-gnatwv]
main.adb:5064:07: warning: "len" is not modified, could be declared constant [-gnatwk]
main.adb:5889:21: warning: redundant conversion, "i" is of type "Integer" [-gnatwr]
main.adb:5897:24: warning: redundant conversion, "i" is of type "Integer" [-gnatwr]
