<built-in>:cached_viewIP	8	static
<built-in>:TentriesBIP	8	static
<built-in>:stateIP	8	static
/home/doc/git/cubit/userspace/lib/compositor/compositor_cache.ads:60:4:Mode	8	static
/home/doc/git/cubit/userspace/lib/compositor/compositor_cache.ads:61:4:Attempted	8	static
/home/doc/git/cubit/userspace/lib/compositor/compositor_cache.ads:62:4:Can_Retire	8	static
/home/doc/git/cubit/userspace/lib/compositor/compositor_cache.adb:5:4:Initialize	32	static
/home/doc/git/cubit/userspace/lib/compositor/compositor_cache.adb:11:4:Forget	48	static
/home/doc/git/cubit/userspace/lib/compositor/compositor_cache.adb:20:4:Part	64	static
/home/doc/git/cubit/userspace/lib/compositor/compositor_cache.adb:20:4:Ensure	8	static
/home/doc/git/cubit/userspace/lib/compositor/compositor_cache.adb:43:4:Ensure_Source	32	static
/home/doc/git/cubit/userspace/lib/compositor/compositor_cache.adb:63:4:Forget_Source	32	static
/home/doc/git/cubit/userspace/lib/compositor/compositor_cache.adb:70:4:Render	64	static
/home/doc/git/cubit/userspace/lib/compositor/compositor_cache.adb:89:4:Shutdown	48	static
