<built-in>:Tschema_keyBIP	8	static
<built-in>:cellIP	8	static
<built-in>:bindingIP	8	static
/home/doc/git/cubit/userspace/ccl/src/ccl-objects.ads:114:4:IS_BOUND	8	static
/home/doc/git/cubit/userspace/ccl/src/ccl-objects.ads:115:4:ROOT_TYPE	8	static
/home/doc/git/cubit/userspace/ccl/src/ccl-objects.ads:116:4:IDENTITY	8	static
<built-in>:Tcell_arrayBIP	8	static
<built-in>:Tpadding_bytesBIP	8	static
<built-in>:imageIP	16	static
/home/doc/git/cubit/userspace/ccl/src/ccl-objects.ads:91:4:BOOLEAN_CELL	8	static
/home/doc/git/cubit/userspace/ccl/src/ccl-objects.ads:93:4:CHARACTER_CELL	8	static
/home/doc/git/cubit/userspace/ccl/src/ccl-objects.ads:95:4:PRODUCT_CELL	8	static
/home/doc/git/cubit/userspace/ccl/src/ccl-objects.ads:97:4:VARIANT_CELL	8	static
/home/doc/git/cubit/userspace/ccl/src/ccl-bounded_stacks.adb:4:4:INITIALIZE	8	static
/home/doc/git/cubit/userspace/ccl/src/ccl-bounded_stacks.adb:12:4:PUSH	8	static
/home/doc/git/cubit/userspace/ccl/src/ccl-bounded_stacks.adb:31:4:POP	8	static
/home/doc/git/cubit/userspace/ccl/src/ccl-bounded_stacks.adb:53:4:PEEK_TOP	8	static
/home/doc/git/cubit/userspace/ccl/src/ccl-bounded_stacks.adb:62:4:PEEK_AT	8	static
/home/doc/git/cubit/userspace/ccl/src/ccl-bounded_stacks.adb:82:4:=	8	static
/home/doc/git/cubit/userspace/ccl/src/ccl-objects.adb:21:4:CANONICAL_BYTES	32	static
/home/doc/git/cubit/userspace/ccl/src/ccl-objects.adb:26:4:SAME_SCHEMA	32	static
/home/doc/git/cubit/userspace/ccl/src/ccl-objects.adb:30:4:MATCHES_TYPE	16	static
/home/doc/git/cubit/userspace/ccl/src/ccl-objects.adb:35:4:PERSISTABLE	784	static
/home/doc/git/cubit/userspace/ccl/src/ccl-objects.adb:66:4:STORABLE	2864	static
/home/doc/git/cubit/userspace/ccl/src/ccl-objects.adb:104:4:BIND	45200	static
/home/doc/git/cubit/userspace/ccl/src/ccl-objects.adb:113:4:EMPTY	24608	static
/home/doc/git/cubit/userspace/ccl/src/ccl-objects.adb:116:4:APPEND	8	static
/home/doc/git/cubit/userspace/ccl/src/ccl-objects.adb:129:4:APPEND_TEXT	32	static
/home/doc/git/cubit/userspace/ccl/src/ccl-objects.adb:148:4:INTEGER_CELL	8	static
/home/doc/git/cubit/userspace/ccl/src/ccl-objects.adb:156:4:INTEGER_OF	8	static
<built-in>:Telement_arrayBIP	8	static
<built-in>:stackIP	8	static
/home/doc/git/cubit/userspace/ccl/src/ccl-bounded_stacks.ads:54:4:DEPTH	8	static
/home/doc/git/cubit/userspace/ccl/src/ccl-objects.adb:168:4:VALIDATE	1056	static
/home/doc/git/cubit/userspace/ccl/src/ccl-objects.adb:60:4:SELF_LIST	2096	static
/home/doc/git/cubit/userspace/ccl/src/ccl-objects.adb:4:1:OBJECTS	8	static
