<built-in>:textIP	8	static
<built-in>:valueD2	8	static
<built-in>:valueD3	8	static
<built-in>:valueD4	8	static
<built-in>:valueD5	8	static
<built-in>:valueD6	8	static
<built-in>:valueD7	8	static
<built-in>:valueEQ	32	static
<built-in>:valueIP	32	static
<built-in>:call_resultEQ	32	static
<built-in>:call_resultIP	8	static
<built-in>:import_declarationIP	8	static
/home/doc/git/cubit/userspace/ccl/src/ccl-host_values.ads:43:4:INTEGER_CONSTANT	12288	static
/home/doc/git/cubit/userspace/ccl/src/ccl-host_values.ads:45:4:BOOLEAN_CONSTANT	12288	static
/home/doc/git/cubit/userspace/ccl/src/ccl-host_values.ads:47:4:TEXT_CONSTANT	12288	static
/home/doc/git/cubit/userspace/ccl/src/ccl-host_values.ads:49:4:HANDLER_CONSTANT	12288	static
/home/doc/git/cubit/userspace/ccl/src/ccl-host_values.ads:51:4:OBJECT_CONSTANT	24576	static
/home/doc/git/cubit/userspace/ccl/src/ccl-host_values.ads:53:4:RESOURCE_CONSTANT	12288	static
/home/doc/git/cubit/userspace/ccl/src/ccl-host_values.ads:85:4:PORTABLE_CONTRACT	8	static
/home/doc/git/cubit/userspace/ccl/src/ccl-host_values.ads:105:4:RESOURCE_NAME_MATCHES	128	static
/home/doc/git/cubit/userspace/ccl/src/ccl-host_values.ads:109:4:HAS_RECEIVER	8	static
/home/doc/git/cubit/userspace/ccl/src/ccl-host_values.ads:111:4:HAS_RESOURCES	8	static
/home/doc/git/cubit/userspace/ccl/src/ccl-host_values.ads:113:4:WELL_FORMED	176	static
/home/doc/git/cubit/userspace/ccl/src/ccl-host_values.ads:128:4:SCALAR_ONLY	176	static
/home/doc/git/cubit/userspace/ccl/src/ccl-host_values.ads:145:4:MATCHES	8	static
/home/doc/git/cubit/userspace/ccl/src/ccl-host_values.ads:150:4:MATCHES	8	static
/home/doc/git/cubit/userspace/ccl/src/ccl-host_values.adb:4:4:KIND_OF	8	static
/home/doc/git/cubit/userspace/ccl/src/ccl-host_values.adb:6:4:FROM_SCALAR	20480	static
/home/doc/git/cubit/userspace/ccl/src/ccl-host_values.adb:9:4:COPY_TEXT	48	static
/home/doc/git/cubit/userspace/ccl/src/ccl-host_values.adb:18:4:TO_SCALAR	16	static
/home/doc/git/cubit/userspace/ccl/src/ccl-host_values.adb:28:4:FROM_BYTECODE	16	static
/home/doc/git/cubit/userspace/ccl/src/ccl-host_values.adb:40:4:TO_BYTECODE	2832	static
/home/doc/git/cubit/userspace/ccl/src/ccl-host_values.adb:89:4:MATCHES_BYTECODE	368	static
/home/doc/git/cubit/userspace/ccl/src/ccl-host_values.adb:95:4:MATCHES_BYTECODE	80	dynamic,bounded
