/home/doc/git/cubit/userspace/ccl/src/ccl-declarations.adb:48:4:PART	16	static
<built-in>:format_selectionD2	8	static
<built-in>:format_selectionEQ	8	static
<built-in>:format_selectionIP	8	static
<built-in>:symbolIP	8	static
<built-in>:scannerIP	16	static
/home/doc/git/cubit/userspace/ccl/src/ccl-declarations.adb:3:4:SELECT_FORMAT	8	static
/home/doc/git/cubit/userspace/ccl/src/ccl-declarations.adb:11:4:MATCHES	16	static
/home/doc/git/cubit/userspace/ccl/src/ccl-declarations.adb:13:4:FAILED	8	static
/home/doc/git/cubit/userspace/ccl/src/ccl-declarations.adb:14:4:DIAGNOSTIC	8	static
/home/doc/git/cubit/userspace/ccl/src/ccl-declarations.adb:15:4:POSITION	8	static
/home/doc/git/cubit/userspace/ccl/src/ccl-declarations.adb:19:4:START	32	static
/home/doc/git/cubit/userspace/ccl/src/ccl-declarations.adb:30:4:NEXT_POSITION	16	static
/home/doc/git/cubit/userspace/ccl/src/ccl-declarations.adb:53:4:AT_CLOSE	16	static
/home/doc/git/cubit/userspace/ccl/src/ccl-declarations.adb:59:4:AT_END	16	static
/home/doc/git/cubit/userspace/ccl/src/ccl-declarations.adb:71:4:OPEN_FORM	32	static
/home/doc/git/cubit/userspace/ccl/src/ccl-declarations.adb:75:4:CLOSE_FORM	32	static
/home/doc/git/cubit/userspace/ccl/src/ccl-declarations.adb:80:4:READ_SYMBOL	64	static
/home/doc/git/cubit/userspace/ccl/src/ccl-declarations.adb:101:4:EVALUATE	17024	static
