<built-in>:cursorIP	8	static
<built-in>:entry_infoIP	8	static
<built-in>:Tindex_arrayBIP	16	static
<built-in>:snapshotIP	32	static
/home/doc/git/cubit/userspace/ccl/src/ccl-bounded_stacks.adb:4:4:INITIALIZEXNN	8	static
/home/doc/git/cubit/userspace/ccl/src/ccl-bounded_stacks.adb:12:4:PUSHXNN	16	static
/home/doc/git/cubit/userspace/ccl/src/ccl-bounded_stacks.adb:31:4:POPXNN	8	static
/home/doc/git/cubit/userspace/ccl/src/ccl-bounded_stacks.adb:53:4:PEEK_TOPXNN	8	static
/home/doc/git/cubit/userspace/ccl/src/ccl-bounded_stacks.adb:62:4:PEEK_ATXNN	8	static
/home/doc/git/cubit/userspace/ccl/src/ccl-bounded_stacks.adb:82:4:2XNN	8	static
<built-in>:visitIP	8	static
<built-in>:Telement_arrayBIPXnn	8	static
<built-in>:stackIPXnn	8	static
/home/doc/git/cubit/userspace/ccl/src/ccl-bounded_stacks.ads:54:4:DEPTHXNN	8	static
/home/doc/git/cubit/userspace/ccl/src/ccl-objects-views.adb:16:4:CLEAR	52336	static
/home/doc/git/cubit/userspace/ccl/src/ccl-objects-views.adb:25:4:CAPTURE	4944	static
/home/doc/git/cubit/userspace/ccl/src/ccl-objects-views.adb:106:4:CAPTURE_LOCAL	22640	static
/home/doc/git/cubit/userspace/ccl/src/ccl-objects-views.adb:118:4:IS_VALID	16	static
/home/doc/git/cubit/userspace/ccl/src/ccl-objects-views.adb:123:4:ROOT	8	static
/home/doc/git/cubit/userspace/ccl/src/ccl-objects-views.adb:125:4:TYPE_OF	16	static
/home/doc/git/cubit/userspace/ccl/src/ccl-objects-views.adb:127:4:LOCAL_TYPE	16	static
/home/doc/git/cubit/userspace/ccl/src/ccl-objects-views.adb:132:4:DESCRIBE	16	static
/home/doc/git/cubit/userspace/ccl/src/ccl-objects-views.adb:134:4:FIELD	736	static
/home/doc/git/cubit/userspace/ccl/src/ccl-objects-views.adb:150:4:PAYLOAD	720	static
/home/doc/git/cubit/userspace/ccl/src/ccl-objects-views.adb:154:4:ALTERNATIVE	16	static
/home/doc/git/cubit/userspace/ccl/src/ccl-objects-views.adb:156:4:SCALAR	16	static
/home/doc/git/cubit/userspace/ccl/src/ccl-objects-views.adb:160:4:APPEND_VALUE	96	static
/home/doc/git/cubit/userspace/ccl/src/ccl-objects-views.adb:178:4:COPY_VALUE	16448	static
/home/doc/git/cubit/userspace/ccl/src/ccl-objects-views.adb:194:4:TEXT	64	static
/home/doc/git/cubit/userspace/ccl/src/ccl-objects-views.adb:199:4:TEXT_LENGTH	16	static
/home/doc/git/cubit/userspace/ccl/src/ccl-objects-views.adb:205:4:COPY_TEXT	80	static
/home/doc/git/cubit/userspace/ccl/src/ccl-objects-views.adb:215:4:READ_TEXT	16	static
/home/doc/git/cubit/userspace/ccl/src/ccl-objects-views.adb:4:1:VIEWS	8	static
/home/doc/git/cubit/userspace/ccl/src/ccl-objects-views.ads:5:1:VIEWS	8	static
