/home/doc/git/cubit/userspace/ccl/src/ccl-language.adb:324:7:READ_INTEGER_VALUE	64	static
/home/doc/git/cubit/userspace/ccl/src/ccl-language.adb:388:10:APPEND	16	static
/home/doc/git/cubit/userspace/ccl/src/ccl-language.adb:286:7:ADD_NODE	32	static
/home/doc/git/cubit/userspace/ccl/src/ccl-language.adb:246:7:SKIP_TRIVIA	32	static
/home/doc/git/cubit/userspace/ccl/src/ccl-language.adb:301:7:EXPECT	32	static
/home/doc/git/cubit/userspace/ccl/src/ccl-language.adb:1502:7:INFER_PARAMETERS	16	static
/home/doc/git/cubit/userspace/ccl/src/ccl-language.adb:2686:7:SPEND	16	static
/home/doc/git/cubit/userspace/ccl/src/ccl-language.adb:2686:7:SPEND	16	static
/home/doc/git/cubit/userspace/ccl/src/ccl-language.adb:2347:7:COMPONENT	16	static
/home/doc/git/cubit/userspace/ccl/src/ccl-language.adb:2347:7:COMPONENT	16	static
/home/doc/git/cubit/userspace/ccl/src/ccl-language.adb:264:7:READ_NAME	32	static
/home/doc/git/cubit/userspace/ccl/src/ccl-language.adb:1533:7:CONFORM	64	static
/home/doc/git/cubit/userspace/ccl/src/ccl-language.adb:2508:7:CHECK_RANGE	48	static
/home/doc/git/cubit/userspace/ccl/src/ccl-language.adb:2508:7:CHECK_RANGE	48	static
/home/doc/git/cubit/userspace/ccl/src/ccl-language.adb:1403:7:RESOURCE_TYPE	23600	static
/home/doc/git/cubit/userspace/ccl/src/ccl-language.adb:2369:7:LOAD_VIEW	1440	static
/home/doc/git/cubit/userspace/ccl/src/ccl-language.adb:2369:7:LOAD_VIEW	1440	static
/home/doc/git/cubit/userspace/ccl/src/ccl-language.adb:2531:10:ADD	48	static
/home/doc/git/cubit/userspace/ccl/src/ccl-language.adb:301:7:EXPECT.CONSTPROP	32	static
/home/doc/git/cubit/userspace/ccl/src/ccl-language.adb:1519:7:INFER_FROM_TYPE	736	static
/home/doc/git/cubit/userspace/ccl/src/ccl-language.adb:1656:19:PROFILE_IS	752	static
/home/doc/git/cubit/userspace/ccl/src/ccl-language.adb:1431:7:MATCHES_HOST	22640	static
/home/doc/git/cubit/userspace/ccl/src/ccl-language.adb:1431:7:MATCHES_HOST	22640	static
/home/doc/git/cubit/userspace/ccl/src/ccl-language.adb:3800:22:KEEP	48	static
/home/doc/git/cubit/userspace/ccl/src/ccl-language.adb:3800:22:KEEP	48	static
/home/doc/git/cubit/userspace/ccl/src/ccl-language.adb:1464:7:NOTE_CAPTURE	848	static
<built-in>:parameterIP	8	static
<built-in>:Tparameter_arrayBIP	8	static
<built-in>:Tcapture_arrayBIP	8	static
<built-in>:Targument_arrayBIP	8	static
<built-in>:Tcomponent_node_arrayBIP	8	static
<built-in>:function_declarationIP	8	static
<built-in>:Tfunction_arrayBIP	16	static
<built-in>:nodeIP	8	static
<built-in>:Tnode_arrayBIP	40	static
<built-in>:syntax_treeIP	8	static
<built-in>:text_resultIP	8	static
<built-in>:Tlist_result_valuesBIP	32	static
<built-in>:Tlist_result_endsBIP	8	static
<built-in>:analysis_resultIP	16	static
<built-in>:interpretation_resultIP	48	static
<built-in>:object_interpretation_resultIP	16	static
/home/doc/git/cubit/userspace/ccl/src/ccl-language.ads:108:4:BUILTIN_NAME	16	static
/home/doc/git/cubit/userspace/ccl/src/ccl-language.ads:128:4:IS_TEXT_OPERATION	8	static
/home/doc/git/cubit/userspace/ccl/src/ccl-language.ads:133:4:TEXT_OPERATION_OF	16	static
/home/doc/git/cubit/userspace/ccl/src/ccl-language.ads:150:4:BUILTIN_ARITY	16	static
/home/doc/git/cubit/userspace/ccl/src/ccl-language.ads:158:4:TAKES_TEXT	8	static
/home/doc/git/cubit/userspace/ccl/src/ccl-language.ads:430:4:HAS_SCALAR	8	static
/home/doc/git/cubit/userspace/ccl/src/ccl-secondary_stacks.adb:4:4:INITIALIZE	8224	static
/home/doc/git/cubit/userspace/ccl/src/ccl-secondary_stacks.adb:9:4:MARK	64	static
/home/doc/git/cubit/userspace/ccl/src/ccl-secondary_stacks.adb:16:4:ALLOCATE_STRING	48	static
/home/doc/git/cubit/userspace/ccl/src/ccl-language.adb:2700:7:MAKE_STRING	20624	dynamic,bounded
/home/doc/git/cubit/userspace/ccl/src/ccl-language.adb:2700:7:MAKE_STRING	20624	dynamic,bounded
/home/doc/git/cubit/userspace/ccl/src/ccl-secondary_stacks.adb:82:4:RELEASE	48	static
/home/doc/git/cubit/userspace/ccl/src/ccl-secondary_stacks.adb:116:4:CLEAR	16	static
/home/doc/git/cubit/userspace/ccl/src/ccl-secondary_stacks.adb:132:4:READ	16	static
/home/doc/git/cubit/userspace/ccl/src/ccl-language.adb:2727:7:TEXT_LESS	112	static
/home/doc/git/cubit/userspace/ccl/src/ccl-secondary_stacks.adb:156:4:COPY_TO	48	static
/home/doc/git/cubit/userspace/ccl/src/ccl-language.adb:2417:7:COPY_STRING	16	static
/home/doc/git/cubit/userspace/ccl/src/ccl-language.adb:2751:7:EQUAL_STRINGS	16448	static
/home/doc/git/cubit/userspace/ccl/src/ccl-language.adb:2649:7:JOIN_STRINGS	28832	dynamic,bounded
/home/doc/git/cubit/userspace/ccl/src/ccl-language.adb:2417:7:COPY_STRING	16	static
/home/doc/git/cubit/userspace/ccl/src/ccl-language.adb:2751:7:EQUAL_STRINGS	16448	static
/home/doc/git/cubit/userspace/ccl/src/ccl-language.adb:2649:7:JOIN_STRINGS	28832	dynamic,bounded
/home/doc/git/cubit/userspace/ccl/src/ccl-language.adb:2428:7:APPEND_RUNTIME	1888	static
/home/doc/git/cubit/userspace/ccl/src/ccl-language.adb:2428:7:APPEND_RUNTIME	1888	static
/home/doc/git/cubit/userspace/ccl/src/ccl-secondary_arrays.adb:4:4:INITIALIZE	8224	static
/home/doc/git/cubit/userspace/ccl/src/ccl-secondary_arrays.adb:9:4:MARK	64	static
/home/doc/git/cubit/userspace/ccl/src/ccl-secondary_arrays.adb:16:4:ALLOCATE	80	static
/home/doc/git/cubit/userspace/ccl/src/ccl-secondary_arrays.adb:64:4:RESERVE	16	static
/home/doc/git/cubit/userspace/ccl/src/ccl-language.adb:3793:22:RESERVE	64	static
/home/doc/git/cubit/userspace/ccl/src/ccl-language.adb:3793:22:RESERVE	64	static
/home/doc/git/cubit/userspace/ccl/src/ccl-secondary_arrays.adb:109:4:WRITE	16	static
/home/doc/git/cubit/userspace/ccl/src/ccl-language.adb:2856:19:ADD	144	dynamic,bounded
/home/doc/git/cubit/userspace/ccl/src/ccl-language.adb:2856:19:ADD	144	dynamic,bounded
/home/doc/git/cubit/userspace/ccl/src/ccl-secondary_arrays.adb:131:4:SHRINK	144	static
/home/doc/git/cubit/userspace/ccl/src/ccl-language.adb:3811:22:FINISH	64	static
/home/doc/git/cubit/userspace/ccl/src/ccl-language.adb:3811:22:FINISH	64	static
/home/doc/git/cubit/userspace/ccl/src/ccl-language.adb:2768:7:TEXT_BUILTIN	18816	dynamic,bounded
/home/doc/git/cubit/userspace/ccl/src/ccl-language.adb:2768:7:TEXT_BUILTIN	18816	dynamic,bounded
/home/doc/git/cubit/userspace/ccl/src/ccl-secondary_arrays.adb:198:4:RELEASE	32	static
/home/doc/git/cubit/userspace/ccl/src/ccl-secondary_arrays.adb:232:4:CLEAR	8	static
/home/doc/git/cubit/userspace/ccl/src/ccl-secondary_arrays.adb:248:4:READ	16	static
/home/doc/git/cubit/userspace/ccl/src/ccl-language.adb:2984:7:BIND_CAPTURES	288	static
/home/doc/git/cubit/userspace/ccl/src/ccl-language.adb:3700:19:ELEMENT	128	static
/home/doc/git/cubit/userspace/ccl/src/ccl-language.adb:4022:31:GET	32	static
/home/doc/git/cubit/userspace/ccl/src/ccl-language.adb:4053:31:SWAP	176	static
/home/doc/git/cubit/userspace/ccl/src/ccl-language.adb:4043:31:KEY_LESS	160	static
/home/doc/git/cubit/userspace/ccl/src/ccl-language.adb:4064:31:SIFT	48	static
/home/doc/git/cubit/userspace/ccl/src/ccl-language.adb:2984:7:BIND_CAPTURES	288	static
/home/doc/git/cubit/userspace/ccl/src/ccl-language.adb:3700:19:ELEMENT	128	static
/home/doc/git/cubit/userspace/ccl/src/ccl-language.adb:4022:31:GET	32	static
/home/doc/git/cubit/userspace/ccl/src/ccl-language.adb:4053:31:SWAP	176	static
/home/doc/git/cubit/userspace/ccl/src/ccl-language.adb:4043:31:KEY_LESS	160	static
/home/doc/git/cubit/userspace/ccl/src/ccl-language.adb:4064:31:SIFT	48	static
/home/doc/git/cubit/userspace/ccl/src/ccl-language.adb:2526:7:PRINT_VALUE	1808	static
/home/doc/git/cubit/userspace/ccl/src/ccl-language.adb:2938:7:JOIN_LIST.CONSTPROP	16544	static
/home/doc/git/cubit/userspace/ccl/src/ccl-language.adb:2938:7:JOIN_LIST.CONSTPROP	16544	static
/home/doc/git/cubit/userspace/ccl/src/ccl-secondary_arrays.adb:272:4:COPY_TO	16	static
<built-in>:Tstorage_arrayBIP	8	static
<built-in>:allocationIP	8	static
<built-in>:Tallocation_tableBIP	8	static
<built-in>:stackIP	16	static
/home/doc/git/cubit/userspace/ccl/src/ccl-secondary_stacks.ads:134:4:USED_BYTES	8	static
/home/doc/git/cubit/userspace/ccl/src/ccl-secondary_stacks.ads:135:4:LIVE_VALUES	8	static
<built-in>:string_valueIP	8	static
/home/doc/git/cubit/userspace/ccl/src/ccl-secondary_stacks.ads:137:4:FIRST_INDEX	8	static
/home/doc/git/cubit/userspace/ccl/src/ccl-secondary_stacks.ads:140:4:LAST_INDEX	8	static
/home/doc/git/cubit/userspace/ccl/src/ccl-secondary_stacks.ads:144:4:LENGTH	8	static
/home/doc/git/cubit/userspace/ccl/src/ccl-secondary_stacks.ads:147:4:IS_VALID	8	static
<built-in>:stack_markIP	64	static
<built-in>:scalar_valueIP	8	static
<built-in>:list_elementIP	8	static
<built-in>:list_element_arrayIP	8	static
<built-in>:Tstorage_arrayBIP	8	static
<built-in>:allocationIP	8	static
<built-in>:Tallocation_tableBIP	8	static
<built-in>:stackIP	8	static
/home/doc/git/cubit/userspace/ccl/src/ccl-secondary_arrays.ads:179:4:USED_BYTES	8	static
/home/doc/git/cubit/userspace/ccl/src/ccl-secondary_arrays.ads:180:4:LIVE_VALUES	8	static
<built-in>:array_valueIP	8	static
/home/doc/git/cubit/userspace/ccl/src/ccl-secondary_arrays.ads:182:4:FIRST_INDEX	8	static
/home/doc/git/cubit/userspace/ccl/src/ccl-secondary_arrays.ads:185:4:LAST_INDEX	16	static
/home/doc/git/cubit/userspace/ccl/src/ccl-secondary_arrays.ads:189:4:LENGTH	8	static
/home/doc/git/cubit/userspace/ccl/src/ccl-secondary_arrays.ads:192:4:IS_VALID	8	static
<built-in>:stack_markIP	64	static
/home/doc/git/cubit/userspace/ccl/src/ccl-language.adb:98:4:ANALYSIS_STATUS_OF	8	static
/home/doc/git/cubit/userspace/ccl/src/ccl-language.adb:101:4:ANALYSIS_DIAGNOSTIC	8	static
/home/doc/git/cubit/userspace/ccl/src/ccl-language.adb:104:4:ANALYSIS_DIAGNOSTIC_POSITION	8	static
/home/doc/git/cubit/userspace/ccl/src/ccl-language.adb:108:4:ANALYSIS_NODE_COUNT	8	static
/home/doc/git/cubit/userspace/ccl/src/ccl-language.adb:111:4:ANALYSIS_ROOT	8	static
/home/doc/git/cubit/userspace/ccl/src/ccl-language.adb:113:4:ANALYSIS_LITERAL	64	static
/home/doc/git/cubit/userspace/ccl/src/ccl-language.adb:120:4:ANALYSIS_TYPES	16	static
/home/doc/git/cubit/userspace/ccl/src/ccl-language.adb:121:4:ANALYSIS_RESOURCE_POLICIES	16	static
/home/doc/git/cubit/userspace/ccl/src/ccl-language.adb:124:4:ANALYSIS_FUNCTION_COUNT	8	static
/home/doc/git/cubit/userspace/ccl/src/ccl-language.adb:126:4:ANALYSIS_FUNCTION	16	static
/home/doc/git/cubit/userspace/ccl/src/ccl-language.adb:130:4:ANALYSIS_NODE	16	static
<built-in>:runtime_valueIP	8	static
<built-in>:type_bindingIP	8	static
<built-in>:Ttype_environmentBIP	8	static
<built-in>:value_bindingIP	8	static
<built-in>:Tvalue_environmentBIP	16	static
/home/doc/git/cubit/userspace/ccl/src/ccl-language.adb:158:4:NAMES_EQUAL	16	static
/home/doc/git/cubit/userspace/ccl/src/ccl-language.adb:174:4:NAME_IS	16	static
/home/doc/git/cubit/userspace/ccl/src/ccl-language.adb:1550:7:CHECK_NODE	2896	static
/home/doc/git/cubit/userspace/ccl/src/ccl-language.adb:443:7:READ_TYPE	160	static
/home/doc/git/cubit/userspace/ccl/src/ccl-language.adb:539:7:PARSE_LIST	4464	static
/home/doc/git/cubit/userspace/ccl/src/ccl-language.adb:1102:7:PARSE_EXPRESSION	3936	static
/home/doc/git/cubit/userspace/ccl/src/ccl-language.adb:1179:7:PARSE_PROGRAM	2912	static
/home/doc/git/cubit/userspace/ccl/src/ccl-language.adb:1063:7:PARSE_ELEMENTS	896	static
/home/doc/git/cubit/userspace/ccl/src/ccl-language.adb:189:4:DECIMAL_IMAGE	64	static
<built-in>:no_hostIP	24	static
/home/doc/git/cubit/userspace/ccl/src/ccl-language.adb:4444:4:DENY_HOST	16384	static
/home/doc/git/cubit/userspace/ccl/src/ccl-language.adb:3008:7:EVALUATE_NODE	180248	dynamic,bounded
/home/doc/git/cubit/userspace/ccl/src/ccl-language.adb:215:4:PROCESS_WITHOUT_HOST	1893280	static
/home/doc/git/cubit/userspace/ccl/src/ccl-language.adb:3726:19:APPLY	5280	static
/home/doc/git/cubit/userspace/ccl/src/ccl-language.adb:3008:7:EVALUATE_NODE	184344	dynamic,bounded
/home/doc/git/cubit/userspace/ccl/src/ccl-language.adb:3726:19:APPLY	5280	static
<built-in>:deliver_native	8	static
/home/doc/git/cubit/userspace/ccl/src/ccl-language.adb:4454:4:PROCESS_SOURCE	4464	dynamic,bounded
/home/doc/git/cubit/userspace/ccl/src/ccl-language.adb:4469:4:ADMIT	192	static
/home/doc/git/cubit/userspace/ccl/src/ccl-language.adb:4630:4:ANALYZE	630928	dynamic,bounded
/home/doc/git/cubit/userspace/ccl/src/ccl-language.adb:4620:4:ANALYZE	110032	static
/home/doc/git/cubit/userspace/ccl/src/ccl-language.adb:4577:4:INTERPRET_OBJECT	2107152	static
/home/doc/git/cubit/userspace/ccl/src/ccl-language.adb:4676:4:INTERPRET	624464	dynamic,bounded
/home/doc/git/cubit/userspace/ccl/src/ccl-language.adb:4665:4:INTERPRET	110048	static
/home/doc/git/cubit/userspace/ccl/src/ccl-language.adb:51:4:INTEGER_SCALAR	8	static
/home/doc/git/cubit/userspace/ccl/src/ccl-language.adb:53:4:BOOLEAN_SCALAR	8	static
/home/doc/git/cubit/userspace/ccl/src/ccl-language.adb:55:4:TO_VM	16	static
/home/doc/git/cubit/userspace/ccl/src/ccl-language.adb:59:4:TO_HOST	20480	static
/home/doc/git/cubit/userspace/ccl/src/ccl-language.adb:150:4:IS_NAME_CHARACTER	8	static
/home/doc/git/cubit/userspace/ccl/src/ccl-language.adb:182:4:ADDITION_OVERFLOWS	8	static
/home/doc/git/cubit/userspace/ccl/src/ccl-language.adb:11:1:LANGUAGE	8	static
