/home/doc/git/cubit/userspace/ccl/src/ccl-vm.adb:77:4:PART	16	static
/home/doc/git/cubit/userspace/ccl/src/ccl-vm.adb:77:4:PUSH_KIND.PART.0.CONSTPROP	16	static
/home/doc/git/cubit/userspace/ccl/src/ccl-vm.adb:77:4:PUSH_KIND.PART.0.CONSTPROP	16	static
/home/doc/git/cubit/userspace/ccl/src/ccl-vm.adb:77:4:PUSH_KIND.PART.0.CONSTPROP	16	static
/home/doc/git/cubit/userspace/ccl/src/ccl-vm.adb:1163:7:PUSH_NEXT	16	static
/home/doc/git/cubit/userspace/ccl/src/ccl-secondary_stacks.adb:4:4:INITIALIZE	8224	static
/home/doc/git/cubit/userspace/ccl/src/ccl-secondary_stacks.adb:9:4:MARK	64	static
/home/doc/git/cubit/userspace/ccl/src/ccl-secondary_stacks.adb:16:4:ALLOCATE_STRING	48	static
/home/doc/git/cubit/userspace/ccl/src/ccl-vm.adb:1024:7:STORE	80	dynamic,bounded
/home/doc/git/cubit/userspace/ccl/src/ccl-secondary_stacks.adb:82:4:RELEASE	48	static
/home/doc/git/cubit/userspace/ccl/src/ccl-secondary_stacks.adb:116:4:CLEAR	16	static
/home/doc/git/cubit/userspace/ccl/src/ccl-secondary_stacks.adb:132:4:READ	16	static
/home/doc/git/cubit/userspace/ccl/src/ccl-secondary_stacks.adb:156:4:COPY_TO	48	static
/home/doc/git/cubit/userspace/ccl/src/ccl-bounded_stacks.adb:4:4:INITIALIZE	8	static
/home/doc/git/cubit/userspace/ccl/src/ccl-bounded_stacks.adb:12:4:PUSH	16	static
/home/doc/git/cubit/userspace/ccl/src/ccl-vm.adb:2125:4:PART	752	static
/home/doc/git/cubit/userspace/ccl/src/ccl-bounded_stacks.adb:31:4:POP	16	static
/home/doc/git/cubit/userspace/ccl/src/ccl-bounded_stacks.adb:53:4:PEEK_TOP	8	static
/home/doc/git/cubit/userspace/ccl/src/ccl-bounded_stacks.adb:62:4:PEEK_AT	8	static
/home/doc/git/cubit/userspace/ccl/src/ccl-bounded_stacks.adb:82:4:=	8	static
<built-in>:Tstorage_arrayBIP	8	static
<built-in>:allocationIP	8	static
<built-in>:Tallocation_tableBIP	8	static
<built-in>:stackIP	16	static
/home/doc/git/cubit/userspace/ccl/src/ccl-secondary_stacks.ads:134:4:USED_BYTES	8	static
/home/doc/git/cubit/userspace/ccl/src/ccl-secondary_stacks.ads:135:4:LIVE_VALUES	8	static
<built-in>:string_valueIP	8	static
/home/doc/git/cubit/userspace/ccl/src/ccl-secondary_stacks.ads:137:4:FIRST_INDEX	8	static
/home/doc/git/cubit/userspace/ccl/src/ccl-secondary_stacks.ads:140:4:LAST_INDEX	8	static
/home/doc/git/cubit/userspace/ccl/src/ccl-secondary_stacks.ads:144:4:LENGTH	8	static
/home/doc/git/cubit/userspace/ccl/src/ccl-secondary_stacks.ads:147:4:IS_VALID	8	static
<built-in>:stack_markIP	48	static
<built-in>:valueIP	8	static
<built-in>:Telement_arrayBIP	48	static
<built-in>:stackIP	8	static
/home/doc/git/cubit/userspace/ccl/src/ccl-bounded_stacks.ads:54:4:DEPTH	8	static
<built-in>:instructionIP	8	static
<built-in>:Tinstruction_arrayBIP	8	static
<built-in>:import_declarationIP	8	static
<built-in>:Timport_arrayBIP	8	static
<built-in>:Tlocal_type_arrayBIP	8	static
<built-in>:Tlocal_kind_arrayBIP	8	static
<built-in>:Tlocal_data_type_arrayBIP	8	static
<built-in>:Talternative_targetsBIP	8	static
<built-in>:match_tableIP	8	static
<built-in>:Tmatch_tablesBIP	8	static
<built-in>:Tparameter_kindsBIP	8	static
<built-in>:Tparameter_data_typesBIP	8	static
<built-in>:function_declarationIP	8	static
<built-in>:Tfunction_arrayBIP	8	static
<built-in>:text_constantIP	8	static
<built-in>:Ttext_constantsBIP	8	static
<built-in>:programIP	8	static
<built-in>:validated_programIP	8	static
/home/doc/git/cubit/userspace/ccl/src/ccl-vm.ads:620:4:IS_VALID	8	static
<built-in>:Tlocal_value_arrayBIP	32	static
<built-in>:call_frameIP	8	static
<built-in>:Tcall_framesBIP	8	static
<built-in>:machine_stateIP	32	static
/home/doc/git/cubit/userspace/ccl/src/ccl-vm.ads:624:4:FUEL_LIMIT	8	static
/home/doc/git/cubit/userspace/ccl/src/ccl-vm.ads:627:4:IS_WELL_FORMED	8	static
<built-in>:result_textIP	8	static
<built-in>:execution_resultIP	8	static
<built-in>:machine_snapshotIP	8	static
<built-in>:Tstack_snapshot_arrayBIP	32	static
<built-in>:local_inspectionIP	8	static
<built-in>:Tlocal_inspection_arrayBIP	40	static
<built-in>:inspection_snapshotIP	16	static
/home/doc/git/cubit/userspace/ccl/src/ccl-vm.ads:92:4:INTEGER_CONSTANT	8	static
/home/doc/git/cubit/userspace/ccl/src/ccl-vm.ads:95:4:BOOLEAN_CONSTANT	8	static
/home/doc/git/cubit/userspace/ccl/src/ccl-vm.ads:98:4:WITH_TYPE	8	static
/home/doc/git/cubit/userspace/ccl/src/ccl-vm.ads:105:4:NATIVE_OBJECT_TYPE	32	static
/home/doc/git/cubit/userspace/ccl/src/ccl-vm.ads:110:4:KNOWN_VALUE_TYPE	720	static
/home/doc/git/cubit/userspace/ccl/src/ccl-vm.ads:121:4:KIND_FOR_TYPE	720	static
/home/doc/git/cubit/userspace/ccl/src/ccl-vm.ads:127:4:REFERENCE_FOR_TYPE	8	static
/home/doc/git/cubit/userspace/ccl/src/ccl-vm.ads:131:4:WELL_TYPED	736	static
/home/doc/git/cubit/userspace/ccl/src/ccl-vm.ads:276:4:SCALAR_IMPORT	8	static
/home/doc/git/cubit/userspace/ccl/src/ccl-vm.ads:284:4:HAS_RECEIVER	8	static
/home/doc/git/cubit/userspace/ccl/src/ccl-vm.ads:286:4:LOCAL_ARGUMENT_KIND	8	static
/home/doc/git/cubit/userspace/ccl/src/ccl-vm.ads:288:4:LOCAL_ARGUMENT_TYPE	8	static
/home/doc/git/cubit/userspace/ccl/src/ccl-bounded_stacks.adb:4:4:INITIALIZE	8	static
/home/doc/git/cubit/userspace/ccl/src/ccl-bounded_stacks.adb:12:4:PUSH	16	static
/home/doc/git/cubit/userspace/ccl/src/ccl-bounded_stacks.adb:31:4:POP	8	static
/home/doc/git/cubit/userspace/ccl/src/ccl-bounded_stacks.adb:53:4:PEEK_TOP	16	static
/home/doc/git/cubit/userspace/ccl/src/ccl-bounded_stacks.adb:62:4:PEEK_AT	8	static
/home/doc/git/cubit/userspace/ccl/src/ccl-bounded_stacks.adb:82:4:=	8	static
<built-in>:stack_typeIP	8	static
/home/doc/git/cubit/userspace/ccl/src/ccl-vm.adb:15:4:VALUE_IMAGE	1536	static
<built-in>:Telement_arrayBIP	8	static
<built-in>:stackIP	8	static
/home/doc/git/cubit/userspace/ccl/src/ccl-bounded_stacks.ads:54:4:DEPTH	8	static
<built-in>:abstract_stateIP	8	static
<built-in>:Tstate_tableBIP	8	static
/home/doc/git/cubit/userspace/ccl/src/ccl-vm.adb:60:4:MERGE_STATE	32	static
/home/doc/git/cubit/userspace/ccl/src/ccl-vm.adb:77:4:PUSH_KIND	16	static
/home/doc/git/cubit/userspace/ccl/src/ccl-vm.adb:97:4:POP_KIND	16	static
/home/doc/git/cubit/userspace/ccl/src/ccl-vm.adb:134:4:FIND_OPERATION	8	static
/home/doc/git/cubit/userspace/ccl/src/ccl-vm.adb:153:4:VERIFY	192000	static
/home/doc/git/cubit/userspace/ccl/src/ccl-vm.adb:849:4:INITIALIZE	88720	static
/home/doc/git/cubit/userspace/ccl/src/ccl-vm.adb:869:4:INITIALIZE_WITH_LOCALS	89440	static
/home/doc/git/cubit/userspace/ccl/src/ccl-vm.adb:928:4:PUSH_CONSTANT	96	dynamic,bounded
/home/doc/git/cubit/userspace/ccl/src/ccl-vm.adb:944:4:CONCAT_TEXTS	8336	dynamic,bounded
/home/doc/git/cubit/userspace/ccl/src/ccl-vm.adb:964:4:EQUAL_TEXTS	64	static
<built-in>:Ttext_operandsBIP	32	static
/home/doc/git/cubit/userspace/ccl/src/ccl-vm.adb:1002:4:RUN_TEXT_BUILTIN	18704	dynamic,bounded
/home/doc/git/cubit/userspace/ccl/src/ccl-vm.adb:1102:4:RESULT_TEXT_OF	1072	static
<built-in>:no_native_storeIP	24	static
/home/doc/git/cubit/userspace/ccl/src/ccl-vm.adb:2032:4:REJECT_NATIVE	8	static
/home/doc/git/cubit/userspace/ccl/src/ccl-vm.adb:1118:4:SCALAR_CONTINUE	10544	dynamic,bounded
/home/doc/git/cubit/userspace/ccl/src/ccl-vm.adb:2041:4:CONTINUE_EXECUTION_FOR	32	static
/home/doc/git/cubit/userspace/ccl/src/ccl-vm.adb:2049:4:CONTINUE_EXECUTION	32	static
/home/doc/git/cubit/userspace/ccl/src/ccl-vm.adb:2061:4:SNAPSHOT	8	static
/home/doc/git/cubit/userspace/ccl/src/ccl-vm.adb:2070:4:INSPECT	28576	static
/home/doc/git/cubit/userspace/ccl/src/ccl-vm.adb:2117:4:STOP	8	static
/home/doc/git/cubit/userspace/ccl/src/ccl-vm.adb:2125:4:COMPLETE_CHECKED_HOST_CALL	8	static
/home/doc/git/cubit/userspace/ccl/src/ccl-vm.adb:2189:4:COMPLETE_HOST_CALL	8	static
/home/doc/git/cubit/userspace/ccl/src/ccl-vm.adb:2196:4:ACKNOWLEDGE_HOST_SUBMISSION	32	static
/home/doc/git/cubit/userspace/ccl/src/ccl-vm.adb:2229:4:EXECUTE	85232	static
/home/doc/git/cubit/userspace/ccl/src/ccl-vm.adb:147:4:KIND_OF	16	static
/home/doc/git/cubit/userspace/ccl/src/ccl-vm.adb:991:4:TEXT_FAILURE	8	static
/home/doc/git/cubit/userspace/ccl/src/ccl-vm.adb:5:1:VM	8	static
/home/doc/git/cubit/userspace/ccl/src/ccl-vm.ads:12:1:VM	8	static
