/home/doc/git/cubit/userspace/ccl/src/ccl-types.adb:16:4:IMAGE_OF	64	static
/home/doc/git/cubit/userspace/ccl/src/ccl-types.adb:171:4:SAME_DESCRIPTION	128	static
<built-in>:nameIP	8	static
<built-in>:componentIP	8	static
<built-in>:Tcomponent_arrayBIP	8	static
<built-in>:descriptionIP	8	static
<built-in>:Tdefinition_arrayBIP	16	static
<built-in>:Tlayout_arrayBIP	8	static
<built-in>:Tbound_arrayBIP	8	static
<built-in>:registryIP	8	static
/home/doc/git/cubit/userspace/ccl/src/ccl-types.ads:202:4:LAST	8	static
<built-in>:Tfunction_parametersBIP	8	static
/home/doc/git/cubit/userspace/ccl/src/ccl-types.ads:32:4:IMAGE	32	static
/home/doc/git/cubit/userspace/ccl/src/ccl-types.ads:33:4:SAME	80	static
/home/doc/git/cubit/userspace/ccl/src/ccl-types.ads:67:4:KNOWN	8	static
/home/doc/git/cubit/userspace/ccl/src/ccl-types.adb:3:4:NAMED	64	static
/home/doc/git/cubit/userspace/ccl/src/ccl-types.adb:43:4:VALID_NAME	16	static
/home/doc/git/cubit/userspace/ccl/src/ccl-types.adb:52:4:DESCRIBE	656	static
/home/doc/git/cubit/userspace/ccl/src/ccl-types.adb:66:4:PART	784	static
/home/doc/git/cubit/userspace/ccl/src/ccl-types.adb:66:4:FIND	32	static
/home/doc/git/cubit/userspace/ccl/src/ccl-types.adb:75:4:CELLS	8	static
/home/doc/git/cubit/userspace/ccl/src/ccl-types.adb:83:4:IS_ENUMERATION	720	static
/home/doc/git/cubit/userspace/ccl/src/ccl-types.adb:90:4:IS_SCALAR_SUM	720	static
/home/doc/git/cubit/userspace/ccl/src/ccl-types.adb:99:4:ALTERNATIVE	800	static
/home/doc/git/cubit/userspace/ccl/src/ccl-types.adb:110:4:RESOLVE_ALTERNATIVE	128	static
/home/doc/git/cubit/userspace/ccl/src/ccl-types.adb:125:4:DEFINE	160	static
/home/doc/git/cubit/userspace/ccl/src/ccl-types.adb:188:4:SPECIALIZE_UNARY_RESOURCE	2192	static
/home/doc/git/cubit/userspace/ccl/src/ccl-types.adb:236:4:SPECIALIZE_LIST	2864	static
/home/doc/git/cubit/userspace/ccl/src/ccl-types.adb:280:4:IS_RANGE	8	static
/home/doc/git/cubit/userspace/ccl/src/ccl-types.adb:283:4:LOW_OF	8	static
/home/doc/git/cubit/userspace/ccl/src/ccl-types.adb:285:4:HIGH_OF	8	static
/home/doc/git/cubit/userspace/ccl/src/ccl-types.adb:287:4:BASE_OF	8	static
/home/doc/git/cubit/userspace/ccl/src/ccl-types.adb:290:4:DEFINE_RANGE	1392	static
/home/doc/git/cubit/userspace/ccl/src/ccl-types.adb:313:4:COMPLETE_SELF_LIST	1440	static
/home/doc/git/cubit/userspace/ccl/src/ccl-types.adb:339:4:IS_FUNCTION	704	static
/home/doc/git/cubit/userspace/ccl/src/ccl-types.adb:342:4:SPECIALIZE_FUNCTION	2192	static
/home/doc/git/cubit/userspace/ccl/src/ccl-types.adb:393:4:IS_LIST	704	static
/home/doc/git/cubit/userspace/ccl/src/ccl-types.adb:396:4:ELEMENT_OF	720	static
/home/doc/git/cubit/userspace/ccl/src/ccl-types.adb:400:4:IMPORT_DEFINITION	25520	static
