/home/doc/git/cubit/userspace/ccl/src/ccl-catalog.adb:32:4:MAKE_NAME	32	static
/home/doc/git/cubit/userspace/ccl/src/ccl-catalog.adb:485:4:RESOURCE_LAYOUT_MATCHES	38448	static
/home/doc/git/cubit/userspace/ccl/src/ccl-catalog.adb:626:7:SCHEMA_MATCHES	45136	static
<built-in>:Tdescriptor_digestBIP	8	static
<built-in>:bounded_nameIP	8	static
<built-in>:operation_descriptorIP	8	static
<built-in>:Toperation_arrayBIP	24	static
<built-in>:interface_descriptorIP	8	static
<built-in>:Tinterface_arrayBIP	64	static
<built-in>:interface_catalogIP	32	static
/home/doc/git/cubit/userspace/ccl/src/ccl-catalog.ads:302:4:LENGTH	8	static
/home/doc/git/cubit/userspace/ccl/src/ccl-catalog.ads:305:4:VISIBLE_TYPES	16	static
<built-in>:resolved_operationIP	8	static
<built-in>:Tlinkage_arrayBIP	16	static
<built-in>:Tlinkage_local_arrayBIP	8	static
<built-in>:linkage_tableIP	8	static
/home/doc/git/cubit/userspace/ccl/src/ccl-catalog.ads:308:4:LENGTH	8	static
<built-in>:granted_bindingIP	8	static
<built-in>:Tgranted_binding_arrayBIP	16	static
<built-in>:granted_bindingsIP	8	static
/home/doc/git/cubit/userspace/ccl/src/ccl-catalog.ads:311:4:LENGTH	8	static
/home/doc/git/cubit/userspace/ccl/src/ccl-catalog.ads:314:4:ELEMENT	16	static
/home/doc/git/cubit/userspace/ccl/src/ccl-catalog.adb:23:4:EMPTY_CATALOG	196144	static
/home/doc/git/cubit/userspace/ccl/src/ccl-catalog.adb:69:4:DIGEST_PRESENT	8	static
/home/doc/git/cubit/userspace/ccl/src/ccl-catalog.adb:79:4:DEFINE_INTERFACE	9136	static
/home/doc/git/cubit/userspace/ccl/src/ccl-catalog.adb:123:4:DEFINE_HOST_OPERATION	688	static
/home/doc/git/cubit/userspace/ccl/src/ccl-catalog.adb:106:4:DEFINE_OPERATION	544	static
/home/doc/git/cubit/userspace/ccl/src/ccl-catalog.adb:157:4:ADD_OPERATION	80	static
/home/doc/git/cubit/userspace/ccl/src/ccl-catalog.adb:190:4:INITIALIZE	196144	static
/home/doc/git/cubit/userspace/ccl/src/ccl-catalog.adb:195:4:PUBLISH_TYPE	16	static
/home/doc/git/cubit/userspace/ccl/src/ccl-catalog.adb:203:4:PUBLISH_RESOURCE	23904	static
/home/doc/git/cubit/userspace/ccl/src/ccl-catalog.adb:238:4:SPECIALIZE_UNARY_RESOURCE	22656	static
/home/doc/git/cubit/userspace/ccl/src/ccl-catalog.adb:272:4:RESOURCE_POLICY	16	static
/home/doc/git/cubit/userspace/ccl/src/ccl-catalog.adb:276:4:LAYOUT_RESOURCES	22608	static
/home/doc/git/cubit/userspace/ccl/src/ccl-catalog.adb:287:4:PUBLISH_SCHEMA	8	static
/home/doc/git/cubit/userspace/ccl/src/ccl-catalog.adb:293:4:RESOLVE_SCHEMA	8	static
/home/doc/git/cubit/userspace/ccl/src/ccl-catalog.adb:299:4:SCHEMA_TYPE	8	static
/home/doc/git/cubit/userspace/ccl/src/ccl-catalog.adb:303:4:PUBLISH	80	static
/home/doc/git/cubit/userspace/ccl/src/ccl-catalog.adb:377:4:RESOLVE	608	static
/home/doc/git/cubit/userspace/ccl/src/ccl-catalog.adb:423:4:SAME_OPERATION	32	static
/home/doc/git/cubit/userspace/ccl/src/ccl-catalog.adb:433:4:INITIALIZE	8544	static
/home/doc/git/cubit/userspace/ccl/src/ccl-catalog.adb:438:4:INTERN	96	static
/home/doc/git/cubit/userspace/ccl/src/ccl-catalog.adb:550:4:INITIALIZE	8736	static
/home/doc/git/cubit/userspace/ccl/src/ccl-catalog.adb:555:4:INSTALL	432	static
/home/doc/git/cubit/userspace/ccl/src/ccl-catalog.adb:593:4:FIND_GRANTED_BINDING	80	static
/home/doc/git/cubit/userspace/ccl/src/ccl-catalog.adb:614:4:LINK_PROGRAM	208	static
