<built-in>:runIP	8	static
<built-in>:referenceIP	8	static
<built-in>:ticketIP	8	static
<built-in>:resource_entryIP	8	static
<built-in>:Tentry_arrayBIP	8	static
<built-in>:registryIP	8	static
/home/doc/git/cubit/userspace/ccl/src/ccl-resources.ads:133:4:ACTIVE	8	static
/home/doc/git/cubit/userspace/ccl/src/ccl-resources.ads:136:4:PHASE	8	static
/home/doc/git/cubit/userspace/ccl/src/ccl-resources.ads:138:4:PENDING	8	static
/home/doc/git/cubit/userspace/ccl/src/ccl-resources.ads:140:4:EMPTY	8	static
/home/doc/git/cubit/userspace/ccl/src/ccl-resources.ads:142:4:DECLARED_TYPES	16	static
/home/doc/git/cubit/userspace/ccl/src/ccl-resources.ads:148:4:CURRENT	8	static
/home/doc/git/cubit/userspace/ccl/src/ccl-resources.ads:151:4:TYPE_OF	8	static
/home/doc/git/cubit/userspace/ccl/src/ccl-resources.ads:153:4:VALID_TICKET	8	static
/home/doc/git/cubit/userspace/ccl/src/ccl-resources.ads:157:4:POSITION_OF	8	static
/home/doc/git/cubit/userspace/ccl/src/ccl-resources.ads:143:4:SAME_LEASE	8	static
/home/doc/git/cubit/userspace/ccl/src/ccl-resources.adb:6:4:MATCHES_TYPE	16	static
/home/doc/git/cubit/userspace/ccl/src/ccl-resources.adb:12:4:START	48	static
/home/doc/git/cubit/userspace/ccl/src/ccl-resources.adb:28:4:STOP	8	static
/home/doc/git/cubit/userspace/ccl/src/ccl-resources.adb:40:4:RESERVE	752	static
/home/doc/git/cubit/userspace/ccl/src/ccl-resources.adb:62:4:PUBLISH	16	static
/home/doc/git/cubit/userspace/ccl/src/ccl-resources.adb:82:4:BEGIN_USE	8	static
/home/doc/git/cubit/userspace/ccl/src/ccl-resources.adb:102:4:FINISH_USE	8	static
/home/doc/git/cubit/userspace/ccl/src/ccl-resources.adb:117:4:BEGIN_CLEANUP	8	static
/home/doc/git/cubit/userspace/ccl/src/ccl-resources.adb:135:4:RETIRE	8	static
/home/doc/git/cubit/userspace/ccl/src/ccl-resources.adb:142:4:RETIRE_LEASE	8	static
/home/doc/git/cubit/userspace/ccl/src/ccl-resources.adb:150:4:RECLAIM	8	static
/home/doc/git/cubit/userspace/ccl/src/ccl-resources.ads:8:1:RESOURCES	8	static
