<built-in>:dispositionIP	8	static
<built-in>:Tdisposition_arrayBIP	8	static
<built-in>:type_definitionIP	8	static
<built-in>:Ttype_tableBIP	8	static
<built-in>:binding_recordIP	8	static
<built-in>:Tbinding_arrayBIP	8	static
<built-in>:environmentIP	8	static
/home/doc/git/cubit/userspace/ccl/src/ccl-ownership.adb:19:4:INITIALIZE	528	static
/home/doc/git/cubit/userspace/ccl/src/ccl-ownership.adb:24:4:DECLARE_BINDING	8	static
/home/doc/git/cubit/userspace/ccl/src/ccl-ownership.adb:39:4:COPY_VALUE	8	static
/home/doc/git/cubit/userspace/ccl/src/ccl-ownership.adb:58:4:MOVE_VALUE	16	static
/home/doc/git/cubit/userspace/ccl/src/ccl-ownership.adb:75:4:DROP_VALUE	16	static
/home/doc/git/cubit/userspace/ccl/src/ccl-ownership.adb:95:4:APPLY_DISPOSITION	96	static
/home/doc/git/cubit/userspace/ccl/src/ccl-ownership.adb:138:4:BORROW_RO	16	static
/home/doc/git/cubit/userspace/ccl/src/ccl-ownership.adb:160:4:RETURN_RO	16	static
/home/doc/git/cubit/userspace/ccl/src/ccl-ownership.adb:176:4:BORROW_RW	16	static
/home/doc/git/cubit/userspace/ccl/src/ccl-ownership.adb:193:4:RETURN_RW	16	static
/home/doc/git/cubit/userspace/ccl/src/ccl-ownership.adb:206:4:JOIN	32	static
/home/doc/git/cubit/userspace/ccl/src/ccl-ownership.adb:221:4:CHECK_SCOPE	16	static
/home/doc/git/cubit/userspace/ccl/src/ccl-ownership.adb:245:4:STATE	8	static
/home/doc/git/cubit/userspace/ccl/src/ccl-ownership.adb:249:4:KIND	8	static
/home/doc/git/cubit/userspace/ccl/src/ccl-ownership.adb:253:4:READ_BORROWS	8	static
/home/doc/git/cubit/userspace/ccl/src/ccl-ownership.adb:257:4:HAS_WRITE_BORROW	8	static
/home/doc/git/cubit/userspace/ccl/src/ccl-ownership.adb:261:4:COMBINE	8	static
