/home/doc/git/cubit/userspace/lib/ui/cubit-ui.adb:304:4:Blend	8	static
/home/doc/git/cubit/userspace/lib/ui/cubit-ui.adb:1265:7:Selected	8	static
/home/doc/git/cubit/userspace/lib/ui/cubit-ui.adb:224:4:Center_Text_Y.Isra	16	static
<built-in>:themeIP	8	static
<built-in>:table_column_layoutIP	48	static
<built-in>:rectIP	8	static
<built-in>:canvasIP	8	static
<built-in>:pointer_stateIP	48	static
<built-in>:widget_resultIP	24	static
<built-in>:argb_bitmapIP	8	static
<built-in>:table_regionsIP	8	static
<built-in>:text_cursor_stateIP	8	static
<built-in>:text_cursor_statesIP	8	static
<built-in>:text_style_spanIP	8	static
<built-in>:text_style_spansIP	8	static
<built-in>:horizontal_slider_layoutIP	8	static
<built-in>:vertical_scrollbar_layoutIP	8	static
<built-in>:horizontal_scrollbar_layoutIP	8	static
/home/doc/git/cubit/userspace/lib/ui/cubit-ui.ads:150:4:Default_Palette	72	static
/home/doc/git/cubit/userspace/lib/ui/cubit-ui.adb:16:4:Palette	8	static
/home/doc/git/cubit/userspace/lib/ui/cubit-ui.adb:18:4:Install_Palette	16	static
/home/doc/git/cubit/userspace/lib/ui/cubit-ui.adb:22:4:Set_Color_Scheme	8	static
/home/doc/git/cubit/userspace/lib/ui/cubit-ui.adb:26:4:Set_Theme	8	static
/home/doc/git/cubit/userspace/lib/ui/cubit-ui.adb:30:4:Current_Theme	8	static
/home/doc/git/cubit/userspace/lib/ui/cubit-ui.adb:33:4:Is_Empty	8	static
/home/doc/git/cubit/userspace/lib/ui/cubit-ui.adb:38:4:Point_In_Rect	16	static
/home/doc/git/cubit/userspace/lib/ui/cubit-ui.adb:45:4:Union_Rect	32	static
/home/doc/git/cubit/userspace/lib/ui/cubit-ui.adb:64:4:Inflate_Rect	32	static
/home/doc/git/cubit/userspace/lib/ui/cubit-ui.adb:84:4:Clamp_Rect	32	static
/home/doc/git/cubit/userspace/lib/ui/cubit-ui.adb:122:4:With_Clip	16	static
/home/doc/git/cubit/userspace/lib/ui/cubit-ui.adb:130:4:Set_Pixel	48	static
/home/doc/git/cubit/userspace/lib/ui/cubit-ui.adb:142:4:Fill_Rect	32	static
/home/doc/git/cubit/userspace/lib/ui/cubit-ui.adb:1706:7:Draw_Arrow	80	static
/home/doc/git/cubit/userspace/lib/ui/cubit-ui.adb:1786:7:Draw_Arrow	80	static
/home/doc/git/cubit/userspace/lib/ui/cubit-ui.adb:1308:7:Draw_Carets	48	static
/home/doc/git/cubit/userspace/lib/ui/cubit-ui.adb:190:4:Stroke_Rect	128	static
/home/doc/git/cubit/userspace/lib/ui/cubit-ui.adb:204:4:Stroke_Sunken	64	static
/home/doc/git/cubit/userspace/lib/ui/cubit-ui.adb:214:4:Stroke_Raised	64	static
/home/doc/git/cubit/userspace/lib/ui/cubit-ui.adb:236:4:Draw_Glyph	96	static
/home/doc/git/cubit/userspace/lib/ui/cubit-ui.adb:274:4:Draw_Text	80	static
/home/doc/git/cubit/userspace/lib/ui/cubit-ui.adb:320:4:Draw_Bitmap	144	static
/home/doc/git/cubit/userspace/lib/ui/cubit-ui.adb:362:4:Fill_Vertical_Gradient	96	static
/home/doc/git/cubit/userspace/lib/ui/cubit-ui.adb:382:4:Ui_Text_Width	48	static
/home/doc/git/cubit/userspace/lib/ui/cubit-ui.adb:391:4:Ui_Text_Height	8	static
/home/doc/git/cubit/userspace/lib/ui/cubit-ui.adb:440:4:Draw_Ui_Text	176	static
/home/doc/git/cubit/userspace/lib/ui/cubit-ui.adb:469:4:Draw_Ui_Text_Transparent	160	static
/home/doc/git/cubit/userspace/lib/ui/cubit-ui.adb:522:4:Code_Text_Width	16	static
/home/doc/git/cubit/userspace/lib/ui/cubit-ui.adb:525:4:Code_Text_Height	8	static
/home/doc/git/cubit/userspace/lib/ui/cubit-ui.adb:565:4:Draw_Code_Text	192	static
/home/doc/git/cubit/userspace/lib/ui/cubit-ui.adb:884:7:Draw_Cell	176	dynamic,bounded
/home/doc/git/cubit/userspace/lib/ui/cubit-ui.adb:592:4:Draw_Button_Frame	64	static
/home/doc/git/cubit/userspace/lib/ui/cubit-ui.adb:641:4:Draw_Button	96	static
/home/doc/git/cubit/userspace/lib/ui/cubit-ui.adb:669:4:Draw_Menu_Bar	48	static
/home/doc/git/cubit/userspace/lib/ui/cubit-ui.adb:681:4:Draw_Menu_Title	80	static
/home/doc/git/cubit/userspace/lib/ui/cubit-ui.adb:705:4:Draw_Status_Bar	304	dynamic,bounded
/home/doc/git/cubit/userspace/lib/ui/cubit-ui.adb:762:4:Draw_Pane	128	dynamic,bounded
/home/doc/git/cubit/userspace/lib/ui/cubit-ui.adb:785:4:Draw_Table_Viewport	48	static
/home/doc/git/cubit/userspace/lib/ui/cubit-ui.adb:793:4:Table_Interior	16	static
/home/doc/git/cubit/userspace/lib/ui/cubit-ui.adb:808:4:Layout_Table	16	static
/home/doc/git/cubit/userspace/lib/ui/cubit-ui.adb:822:4:Draw_Table_Header	224	dynamic,bounded
/home/doc/git/cubit/userspace/lib/ui/cubit-ui.adb:862:4:Draw_Table_Row	224	static
/home/doc/git/cubit/userspace/lib/ui/cubit-ui.adb:944:4:Draw_Vertical_Splitter	64	static
/home/doc/git/cubit/userspace/lib/ui/cubit-ui.adb:971:4:Draw_Tab_Strip	64	static
/home/doc/git/cubit/userspace/lib/ui/cubit-ui.adb:983:4:Draw_Tab	176	dynamic,bounded
/home/doc/git/cubit/userspace/lib/ui/cubit-ui.adb:1033:4:Draw_Natural_Value	112	dynamic,bounded
/home/doc/git/cubit/userspace/lib/ui/cubit-ui.adb:1068:4:Draw_Progress_Bar	64	static
/home/doc/git/cubit/userspace/lib/ui/cubit-ui.adb:1093:4:Draw_Swatch	80	static
/home/doc/git/cubit/userspace/lib/ui/cubit-ui.adb:1104:4:Draw_Text_Field	176	dynamic,bounded
/home/doc/git/cubit/userspace/lib/ui/cubit-ui.adb:1142:4:Draw_Text_Edit_Field	208	dynamic,bounded
/home/doc/git/cubit/userspace/lib/ui/cubit-ui.adb:1240:4:Draw_Multiline_Text_Edit_Multiple_Styled	320	dynamic,bounded
/home/doc/git/cubit/userspace/lib/ui/cubit-ui.adb:1225:4:Draw_Multiline_Text_Edit_Multiple	128	dynamic,bounded
/home/doc/git/cubit/userspace/lib/ui/cubit-ui.adb:1214:4:Draw_Multiline_Text_Edit	160	dynamic,bounded
/home/doc/git/cubit/userspace/lib/ui/cubit-ui.adb:1394:4:Draw_Checkbox	80	static
/home/doc/git/cubit/userspace/lib/ui/cubit-ui.adb:1418:4:Draw_Radio_Button	112	static
/home/doc/git/cubit/userspace/lib/ui/cubit-ui.adb:1442:4:Draw_List_Item	144	dynamic,bounded
/home/doc/git/cubit/userspace/lib/ui/cubit-ui.adb:1460:4:Draw_Menu_Item	112	static
/home/doc/git/cubit/userspace/lib/ui/cubit-ui.adb:1488:4:Layout_Horizontal_Slider	64	static
/home/doc/git/cubit/userspace/lib/ui/cubit-ui.adb:1533:4:Draw_Horizontal_Slider	144	static
/home/doc/git/cubit/userspace/lib/ui/cubit-ui.adb:1561:4:Layout_Vertical_Scrollbar	96	static
/home/doc/git/cubit/userspace/lib/ui/cubit-ui.adb:1613:4:Layout_Horizontal_Scrollbar	96	static
/home/doc/git/cubit/userspace/lib/ui/cubit-ui.adb:1666:4:Apply_Wheel_Scroll	16	static
/home/doc/git/cubit/userspace/lib/ui/cubit-ui.adb:1688:4:Draw_Vertical_Scrollbar	240	dynamic,bounded
/home/doc/git/cubit/userspace/lib/ui/cubit-ui.adb:1768:4:Draw_Horizontal_Scrollbar	240	dynamic,bounded
/home/doc/git/cubit/userspace/lib/ui/cubit-ui.adb:1849:4:Button	48	static
