/home/doc/git/cubit/userspace/services/desktop/main.adb:3667:4:createinternalsurface	200	static
/home/doc/git/cubit/userspace/services/desktop/main.adb:3913:4:dequeueinput	24	static
/home/doc/git/cubit/userspace/services/desktop/main.adb:3955:4:hasinputafter	8	static
/home/doc/git/cubit/userspace/services/desktop/main.adb:4129:4:clearinputqueue	13072	static
<built-in>:E1643b	8	static
/home/doc/git/cubit/userspace/services/desktop/main.adb:6279:4:validdisplayinfo	8	static
/home/doc/git/cubit/userspace/services/desktop/main.adb:4301:4:claiminput	16	static
/home/doc/git/cubit/userspace/services/desktop/main.adb:1427:4:processalive	48	dynamic,bounded
/home/doc/git/cubit/userspace/services/desktop/main.adb:1563:4:hitsurface	16	static
/home/doc/git/cubit/userspace/services/desktop/main.adb:1102:4:clamprect	16	static
/home/doc/git/cubit/userspace/services/desktop/main.adb:1380:4:surfacerect	8	static
/home/doc/git/cubit/userspace/services/desktop/main.adb:1515:4:closebuttonrect	16	static
/home/doc/git/cubit/userspace/services/desktop/main.adb:1501:4:maximizebuttonrect	16	static
/home/doc/git/cubit/userspace/services/desktop/main.adb:1489:4:minimizebuttonrect	16	static
/home/doc/git/cubit/userspace/services/desktop/main.adb:1275:4:pointinrect	16	static
/home/doc/git/cubit/userspace/services/desktop/main.adb:1580:4:hitmode	80	static
/home/doc/git/cubit/userspace/services/desktop/main.adb:1309:4:unionrect	80	static
/home/doc/git/cubit/userspace/services/desktop/main.adb:3182:4:scheduleredrawrect	32	static
/home/doc/git/cubit/userspace/services/desktop/main.adb:1352:4:inflaterect	32	static
/home/doc/git/cubit/userspace/services/desktop/main.adb:1390:4:clientrect	16	static
/home/doc/git/cubit/userspace/services/desktop/main.adb:1617:4:cursorstyleatpointer	64	static
/home/doc/git/cubit/userspace/services/desktop/main.adb:5200:7:translate	16	static
/home/doc/git/cubit/userspace/services/desktop/main.adb:1902:4:fillrect	80	static
/home/doc/git/cubit/userspace/services/desktop/main.adb:2044:4:strokerect	80	static
/home/doc/git/cubit/userspace/services/desktop/main.adb:2059:4:blendpixel	8	static
/home/doc/git/cubit/userspace/services/desktop/main.adb:1003:4:putpixel	16	static
/home/doc/git/cubit/userspace/services/desktop/main.adb:1039:4:readbackpixel	16	static
/home/doc/git/cubit/userspace/services/desktop/main.adb:2017:4:drawdappledshadow	96	static
/home/doc/git/cubit/userspace/services/desktop/main.adb:2163:4:drawwindowbuttonicon	80	static
/home/doc/git/cubit/userspace/services/desktop/main.adb:3081:7:add	16	static
/home/doc/git/cubit/userspace/services/desktop/main.adb:3100:7:add_outline	112	static
/home/doc/git/cubit/userspace/services/desktop/main.adb:618:4:load_theme	320	static
/home/doc/git/cubit/userspace/services/desktop/main.adb:233:4:logicalbounds	16	static
/home/doc/git/cubit/userspace/services/desktop/main.adb:1156:4:taskbary	16	static
/home/doc/git/cubit/userspace/services/desktop/main.adb:1233:4:taskbuttonrect	80	static
/home/doc/git/cubit/userspace/services/desktop/main.adb:1175:4:launchmenurect	32	static
/home/doc/git/cubit/userspace/services/desktop/main.adb:1186:4:launchitemrect	32	static
/home/doc/git/cubit/userspace/services/desktop/main.adb:1169:4:launchbuttonrect	48	static
/home/doc/git/cubit/userspace/services/desktop/main.adb:1655:4:locallogicaldamage	64	static
/home/doc/git/cubit/userspace/services/desktop/main.adb:1666:4:windowworkarea	80	static
/home/doc/git/cubit/userspace/services/desktop/main.adb:3972:4:completeinputwaiter	128	static
/home/doc/git/cubit/userspace/services/desktop/main.adb:4134:4:clearinputfortarget	3248	static
/home/doc/git/cubit/userspace/services/desktop/main.adb:5564:4:setmasteraudio	64	static
/home/doc/git/cubit/userspace/services/desktop/main.adb:202:4:addoutputdamage	16	static
/home/doc/git/cubit/userspace/services/desktop/main.adb:1694:4:flushbackbufferrect	112	static
/home/doc/git/cubit/userspace/services/desktop/main.adb:2220:4:drawuitext	144	static
/home/doc/git/cubit/userspace/services/desktop/main.adb:2235:4:drawsurfacetitle	48	dynamic,bounded
/home/doc/git/cubit/userspace/services/desktop/main.adb:2803:4:drawstatus	256	dynamic,bounded
/home/doc/git/cubit/userspace/services/desktop/main.adb:2837:4:drawaudiopopup	272	dynamic,bounded
/home/doc/git/cubit/userspace/services/desktop/main.adb:2349:4:drawclientbuffer	208	dynamic,bounded
/home/doc/git/cubit/userspace/services/desktop/main.adb:1988:4:drawwallpaper	160	dynamic,bounded
/home/doc/git/cubit/userspace/services/desktop/main.adb:799:4:decimal	80	dynamic
/home/doc/git/cubit/userspace/services/desktop/main.adb:979:4:tracepointer	176	static
/home/doc/git/cubit/userspace/services/desktop/main.adb:888:4:maybeprintstats	576	dynamic,bounded
/home/doc/git/cubit/userspace/services/desktop/main.adb:3479:4:releasesurfacebuffer	32	static
/home/doc/git/cubit/userspace/services/desktop/main.adb:677:4:load_launch_menu	2880	static
/home/doc/git/cubit/userspace/services/desktop/main.adb:2578:4:drawwindow	640	dynamic,bounded
/home/doc/git/cubit/userspace/services/desktop/main.adb:6221:4:calldisplay.constprop	64	static
/home/doc/git/cubit/userspace/services/desktop/main.adb:2127:4:drawicon	80	static
/home/doc/git/cubit/userspace/services/desktop/main.adb:2758:7:drawlaunchitem	192	dynamic,bounded
/home/doc/git/cubit/userspace/services/desktop/main.adb:2860:4:drawdesktopshell	240	dynamic,bounded
/home/doc/git/cubit/userspace/services/desktop/main.adb:2912:4:drawcurrentscene	48	static
/home/doc/git/cubit/userspace/services/desktop/main.adb:1138:4:cursorrect	16	static
/home/doc/git/cubit/userspace/services/desktop/main.adb:2432:4:drawcursoroverlay	208	static
/home/doc/git/cubit/userspace/services/desktop/main.adb:2408:4:restorecursoroverlay	64	static
/home/doc/git/cubit/userspace/services/desktop/main.adb:5470:4:clampwindowrect	16	static
/home/doc/git/cubit/userspace/services/desktop/main.adb:820:4:notetiming	48	static
/home/doc/git/cubit/userspace/services/desktop/main.adb:6241:4:closeoutput	288	static
/home/doc/git/cubit/userspace/services/desktop/main.adb:6294:4:prepareoutput	352	dynamic,bounded
/home/doc/git/cubit/userspace/services/desktop/main.adb:6263:4:releasedisplaybuffer	16	static
/home/doc/git/cubit/userspace/services/desktop/main.adb:3411:4:restoresurface	64	static
/home/doc/git/cubit/userspace/services/desktop/main.adb:4059:4:forceinputresynchronization	1600	static
/home/doc/git/cubit/userspace/services/desktop/main.adb:6366:4:setupdisplaybuffer	960	dynamic,bounded
/home/doc/git/cubit/userspace/services/desktop/main.adb:3810:4:enqueueinput	3264	static
/home/doc/git/cubit/userspace/services/desktop/main.adb:4268:4:queuepointerwheel	80	static
/home/doc/git/cubit/userspace/services/desktop/main.adb:5355:4:apply_appearance	64	static
/home/doc/git/cubit/userspace/services/desktop/main.adb:4215:4:queuepointer	112	static
/home/doc/git/cubit/userspace/services/desktop/main.adb:4251:4:queuepointerifclient	64	static
/home/doc/git/cubit/userspace/services/desktop/main.adb:3337:4:focusandraisesurface	304	static
/home/doc/git/cubit/userspace/services/desktop/main.adb:1779:4:pumpoutput	512	dynamic
/home/doc/git/cubit/userspace/services/desktop/main.adb:3295:4:focustopmostvisiblewindow	48	static
/home/doc/git/cubit/userspace/services/desktop/main.adb:1713:4:collectpresentations	256	dynamic,bounded
/home/doc/git/cubit/userspace/services/desktop/main.adb:5424:4:performlaunchaction	208	dynamic,bounded
/home/doc/git/cubit/userspace/services/desktop/main.adb:3201:4:flushframe	464	dynamic,bounded
/home/doc/git/cubit/userspace/services/desktop/main.adb:5193:4:apply_arrangement	1104	static
/home/doc/git/cubit/userspace/services/desktop/main.adb:5378:4:settings_pointer	1776	static
/home/doc/git/cubit/userspace/services/desktop/main.adb:6561:10:drain_events	912	dynamic,bounded
/home/doc/git/cubit/userspace/services/desktop/main.adb:48:1:main	34832	dynamic,bounded
