main.adb:67:04: warning: constant "SYSINFO_FB_WIDTH" is not referenced [-gnatwu]
main.adb:68:04: warning: constant "SYSINFO_FB_HEIGHT" is not referenced [-gnatwu]
main.adb:69:04: warning: constant "SYSINFO_FB_PITCH" is not referenced [-gnatwu]
main.adb:70:04: warning: constant "SYSINFO_FB_BPP" is not referenced [-gnatwu]
main.adb:96:04: warning: constant "OP_DISPLAY_GET_STATUS" is not referenced [-gnatwu]
main.adb:115:04: warning: constant "WINDOW_FLAG_FULLSCREENABLE" is not referenced [-gnatwu]
main.adb:116:04: warning: constant "WINDOW_FLAG_POINTER_CAPTURE" is not referenced [-gnatwu]
main.adb:769:13: warning: function "C_DESK" is not referenced [-gnatwu]
main.adb:771:13: warning: function "C_BLUE" is not referenced [-gnatwu]
main.adb:808:53: warning: array aggregate using () is an obsolescent syntax, use [] instead [-gnatwj]
main.adb:809:76: warning: array aggregate using () is an obsolescent syntax, use [] instead [-gnatwj]
main.adb:868:14: warning: procedure "printDec" is not referenced [-gnatwu]
main.adb:1235:07: warning: "x" is not modified, could be declared constant [-gnatwk]
main.adb:1302:20: warning: redundant conversion, "i" is of type "Integer" [-gnatwr]
main.adb:1573:20: warning: redundant conversion, "i" is of type "Integer" [-gnatwr]
main.adb:2293:26: warning: redundant conversion, "i" is of type "Integer" [-gnatwr]
main.adb:2593:07: warning: "x" is not modified, could be declared constant [-gnatwk]
main.adb:2594:07: warning: "y" is not modified, could be declared constant [-gnatwk]
main.adb:3257:20: warning: redundant conversion, "i" is of type "Integer" [-gnatwr]
main.adb:3315:07: warning: "moved" is not modified, could be declared constant [-gnatwk]
main.adb:3364:07: warning: "current" is not modified, could be declared constant [-gnatwk]
main.adb:3522:25: warning: aggregate not fully initialized [-gnatwv]
main.adb:3571:29: warning: aggregate not fully initialized [-gnatwv]
main.adb:3608:25: warning: redundant conversion, "i" is of type "Integer" [-gnatwr]
main.adb:3679:21: warning: redundant conversion, "i" is of type "Integer" [-gnatwr]
main.adb:3747:20: warning: redundant conversion, "i" is of type "Integer" [-gnatwr]
main.adb:3799:28: warning: redundant conversion, "i" is of type "Integer" [-gnatwr]
main.adb:4355:07: warning: "Status_Code" is already use-visible through previous use_type_clause at line 62 [-gnatwr]
main.adb:4355:07: warning: use clause for type "Status_Code" defined at cubit-desktop_protocol.ads:31 has no effect [-gnatwu]
main.adb:4555:30: warning: redundant conversion, "i" is of type "Integer" [-gnatwr]
main.adb:4940:52: warning: aggregate not fully initialized [-gnatwv]
main.adb:5024:35: warning: aggregate not fully initialized [-gnatwv]
main.adb:5152:07: warning: "len" is not modified, could be declared constant [-gnatwk]
main.adb:5977:21: warning: redundant conversion, "i" is of type "Integer" [-gnatwr]
main.adb:5985:24: warning: redundant conversion, "i" is of type "Integer" [-gnatwr]
